/home/divum/Downloads/FindingNearestStore/src/main/java/com/example/FindingNearestStore/DTO/CompanyDTO.java
/home/divum/Downloads/FindingNearestStore/src/main/java/com/example/FindingNearestStore/Service/implementation/SubscriptionServiceImplemntation.java
/home/divum/Downloads/FindingNearestStore/src/main/java/com/example/FindingNearestStore/DTO/ResponseDTO.java
/home/divum/Downloads/FindingNearestStore/src/main/java/com/example/FindingNearestStore/Model/Plan_subscription_company_view.java
/home/divum/Downloads/FindingNearestStore/src/main/java/com/example/FindingNearestStore/Model/CompanyStoreViews.java
/home/divum/Downloads/FindingNearestStore/src/main/java/com/example/FindingNearestStore/Service/PlanService.java
/home/divum/Downloads/FindingNearestStore/src/main/java/com/example/FindingNearestStore/DTO/FindStoreRequestDTO.java
/home/divum/Downloads/FindingNearestStore/src/main/java/com/example/FindingNearestStore/Config/CompanyInfoUserDetailService.java
/home/divum/Downloads/FindingNearestStore/src/main/java/com/example/FindingNearestStore/Service/implementation/CompanyServiceImplementation.java
/home/divum/Downloads/FindingNearestStore/src/main/java/com/example/FindingNearestStore/Controller/PlanController.java
/home/divum/Downloads/FindingNearestStore/src/main/java/com/example/FindingNearestStore/API/CompanyAPI.java
/home/divum/Downloads/FindingNearestStore/src/main/java/com/example/FindingNearestStore/Repository/ResponseLogRepository.java
/home/divum/Downloads/FindingNearestStore/src/main/java/com/example/FindingNearestStore/Redis/RedisCount.java
/home/divum/Downloads/FindingNearestStore/src/main/java/com/example/FindingNearestStore/DTO/PayLoadRequestDTO.java
/home/divum/Downloads/FindingNearestStore/src/main/java/com/example/FindingNearestStore/Filter/JWTAuthFilter.java
/home/divum/Downloads/FindingNearestStore/src/main/java/com/example/FindingNearestStore/Repository/PlanRepository.java
/home/divum/Downloads/FindingNearestStore/src/main/java/com/example/FindingNearestStore/Service/implementation/JWTServiceImplementation.java
/home/divum/Downloads/FindingNearestStore/src/main/java/com/example/FindingNearestStore/Repository/StoreRepository.java
/home/divum/Downloads/FindingNearestStore/src/main/java/com/example/FindingNearestStore/API/SubscriptionAPI.java
/home/divum/Downloads/FindingNearestStore/src/main/java/com/example/FindingNearestStore/Controller/CompanyController.java
/home/divum/Downloads/FindingNearestStore/src/main/java/com/example/FindingNearestStore/FindingNearestStoreApplication.java
/home/divum/Downloads/FindingNearestStore/src/main/java/com/example/FindingNearestStore/Model/ResponseLog.java
/home/divum/Downloads/FindingNearestStore/src/main/java/com/example/FindingNearestStore/Model/Plan.java
/home/divum/Downloads/FindingNearestStore/src/main/java/com/example/FindingNearestStore/Config/SecurityConfig.java
/home/divum/Downloads/FindingNearestStore/src/main/java/com/example/FindingNearestStore/Repository/SubscriptionRepository.java
/home/divum/Downloads/FindingNearestStore/src/main/java/com/example/FindingNearestStore/Config/ModelMapperConfig.java
/home/divum/Downloads/FindingNearestStore/src/main/java/com/example/FindingNearestStore/DTO/StoreDTO.java
/home/divum/Downloads/FindingNearestStore/src/main/java/com/example/FindingNearestStore/ExceptionHandiling/ExceptionHandling.java
/home/divum/Downloads/FindingNearestStore/src/main/java/com/example/FindingNearestStore/Service/StoreService.java
/home/divum/Downloads/FindingNearestStore/src/main/java/com/example/FindingNearestStore/API/StoreAPI.java
/home/divum/Downloads/FindingNearestStore/src/main/java/com/example/FindingNearestStore/Repository/Plan_subscription_company_viewRepository.java
/home/divum/Downloads/FindingNearestStore/src/main/java/com/example/FindingNearestStore/Repository/CompanyRepository.java
/home/divum/Downloads/FindingNearestStore/src/main/java/com/example/FindingNearestStore/Controller/SubscriptionController.java
/home/divum/Downloads/FindingNearestStore/src/main/java/com/example/FindingNearestStore/DTO/AuthRequest.java
/home/divum/Downloads/FindingNearestStore/src/main/java/com/example/FindingNearestStore/DTO/ResponseLogDTO.java
/home/divum/Downloads/FindingNearestStore/src/main/java/com/example/FindingNearestStore/DTO/PlanDTO.java
/home/divum/Downloads/FindingNearestStore/src/main/java/com/example/FindingNearestStore/Controller/StoreController.java
/home/divum/Downloads/FindingNearestStore/src/main/java/com/example/FindingNearestStore/Model/Company.java
/home/divum/Downloads/FindingNearestStore/src/main/java/com/example/FindingNearestStore/API/PlanAPI.java
/home/divum/Downloads/FindingNearestStore/src/main/java/com/example/FindingNearestStore/Service/implementation/PlanServiceImplementation.java
/home/divum/Downloads/FindingNearestStore/src/main/java/com/example/FindingNearestStore/Service/JWTService.java
/home/divum/Downloads/FindingNearestStore/src/main/java/com/example/FindingNearestStore/Service/CompanyService.java
/home/divum/Downloads/FindingNearestStore/src/main/java/com/example/FindingNearestStore/DTO/SubscriptionDTO.java
/home/divum/Downloads/FindingNearestStore/src/main/java/com/example/FindingNearestStore/Model/Subscription.java
/home/divum/Downloads/FindingNearestStore/src/main/java/com/example/FindingNearestStore/Service/implementation/StoreServiceImplementation.java
/home/divum/Downloads/FindingNearestStore/src/main/java/com/example/FindingNearestStore/DTO/Address.java
/home/divum/Downloads/FindingNearestStore/src/main/java/com/example/FindingNearestStore/Service/SubscriptionService.java
/home/divum/Downloads/FindingNearestStore/src/main/java/com/example/FindingNearestStore/Config/RedisConfig.java
/home/divum/Downloads/FindingNearestStore/src/main/java/com/example/FindingNearestStore/Model/Store.java
/home/divum/Downloads/FindingNearestStore/src/main/java/com/example/FindingNearestStore/Repository/CompanyStoreViewRepository.java
/home/divum/Downloads/FindingNearestStore/src/main/java/com/example/FindingNearestStore/Config/CompanyInfoDetailService.java
